// Jest Snapshot v1, https://goo.gl/fbAQLP

exports[`Pruebas en SearchPage Debe de mostrarse correctamente con valores por defecto correctamemte 1`] = `
<div>
  <h1>
    Search
  </h1>
  <hr />
  <div
    class="row"
  >
    <div
      class="col-12 col-lg-5"
    >
      <h4>
        Searching
      </h4>
      <hr />
      <form
        aria-label="form"
      >
        <input
          autocomplete="off"
          class="form-control"
          name="searchText"
          placeholder="Search hero ..."
          type="text"
          value=""
        />
        <button
          class="btn btn-dark mt-2"
        >
          Search
        </button>
      </form>
    </div>
    <div
      class="col-12 col-lg-7"
    >
      <h4>
        Result
      </h4>
      <hr />
      <div
        class="alert alert-success animate__animated animate__fadeIn"
      >
        Search Hero
      </div>
      <div
        aria-label="alert-danger"
        class="alert alert-danger animate__animated animate__fadeIn"
        style="display: none;"
      >
        No hero with 
        <b />
      </div>
    </div>
  </div>
</div>
`;
